{"ts":"2026-09-04T16:36:30.321Z","method":"GET","url":"/","ip":"::ffff:127.0.0.1","body":"undefined"}
{"ts":"2026-09-04T16:38:00.202Z","method":"GET","url":"/add","ip":"::1","body":"undefined"}
{"ts":"2026-09-04T16:38:11.518Z","method":"GET","url":"/","ip":"::1","body":"undefined"}
{"ts":"2026-09-04T16:38:13.938Z","method":"GET","url":"/add","ip":"::1","body":"undefined"}
{"ts":"2026-09-04T16:38:15.854Z","method":"GET","url":"/","ip":"::1","body":"undefined"}
{"ts":"2026-09-04T16:40:22.604Z","method":"GET","url":"/","ip":"::1","body":"undefined"}
{"ts":"2026-09-04T16:40:23.596Z","method":"GET","url":"/","ip":"::1","body":"undefined"}
{"ts":"2026-09-04T16:41:10.655Z","method":"GET","url":"/","ip":"::1","body":"undefined"}
{"ts":"2026-09-04T16:41:12.075Z","method":"GET","url":"/","ip":"::1","body":"undefined"}
{"ts":"2026-09-04T16:42:35.783Z","method":"GET","url":"/","ip":"::1","body":"undefined"}
{"ts":"2026-09-04T16:42:38.545Z","method":"GET","url":"/","ip":"::1","body":"undefined"}
{"ts":"2026-09-04T16:43:37.106Z","method":"GET","url":"/","ip":"::1","body":"undefined"}
{"ts":"2026-09-04T16:43:54.079Z","method":"GET","url":"/?channel=1&status=200","ip":"::1","body":"undefined"}
{"ts":"2026-09-04T16:43:54.576Z","method":"GET","url":"/?channel=1&status=200","ip":"::1","body":"undefined"}
{"ts":"2026-09-04T16:43:55.882Z","method":"GET","url":"/add","ip":"::1","body":"undefined"}
{"ts":"2026-09-04T16:44:18.496Z","method":"POST","url":"/add","ip":"::1","body":{"name":"404","channel":"404","budget":"404","spent":"404","clicks":"404","conversions":"404","revenue":"404","status":"paused"}}
{"ts":"2026-09-04T16:44:18.506Z","method":"GET","url":"/","ip":"::1","body":"undefined"}
{"ts":"2026-09-04T16:44:47.937Z","method":"GET","url":"/.well-known/appspecific/com.chrome.devtools.json","ip":"::1","body":"undefined"}
{"ts":"2026-09-04T16:44:52.269Z","method":"GET","url":"/item/1","ip":"::1","body":"undefined"}
{"ts":"2026-09-04T16:44:52.335Z","method":"GET","url":"/.well-known/appspecific/com.chrome.devtools.json","ip":"::1","body":"undefined"}
{"ts":"2026-09-04T16:44:54.468Z","method":"GET","url":"/.well-known/appspecific/com.chrome.devtools.json","ip":"::1","body":"undefined"}
{"ts":"2026-09-04T16:47:19.563Z","method":"GET","url":"/qrcodes","ip":"::1","body":"undefined"}
{"ts":"2026-09-04T16:47:19.853Z","method":"GET","url":"/qrcodes/1","ip":"::1","body":"undefined"}
{"ts":"2026-09-04T16:50:46.214Z","method":"GET","url":"/campaigns/1","ip":"::1","body":"undefined"}
{"ts":"2026-09-04T16:50:46.358Z","method":"GET","url":"/favicon.ico","ip":"::1","body":"undefined"}
{"ts":"2026-09-04T16:51:26.807Z","method":"GET","url":"/campaigns","ip":"::1","body":"undefined"}
{"ts":"2026-09-04T16:51:50.725Z","method":"GET","url":"/","ip":"::1","body":"undefined"}
{"ts":"2026-09-04T16:51:50.823Z","method":"GET","url":"/.well-known/appspecific/com.chrome.devtools.json","ip":"::1","body":"undefined"}
{"ts":"2026-09-04T16:51:51.738Z","method":"GET","url":"/","ip":"::1","body":"undefined"}
{"ts":"2026-09-04T16:51:51.787Z","method":"GET","url":"/.well-known/appspecific/com.chrome.devtools.json","ip":"::1","body":"undefined"}
